// Jest Snapshot v1, https://goo.gl/fbAQLP

exports[`snapshot 1`] = `
initialize {
  "0": Object {
    "attribs": Object {
      "class": "container",
    },
    "children": Array [
      Object {
        "attribs": Object {},
        "children": Array [
          Object {
            "data": "Positive Number",
            "next": Object {
              "attribs": Object {
                "style": "display:contents",
              },
              "children": Array [
                Object {
                  "attribs": Object {
                    "id": "positive-number",
                    "max": "10",
                    "required": "",
                    "type": "number",
                  },
                  "children": Array [],
                  "name": "input",
                  "namespace": "http://www.w3.org/1999/xhtml",
                  "next": null,
                  "parent": [Circular],
                  "prev": null,
                  "type": "tag",
                  "x-attribsNamespace": Object {
                    "id": undefined,
                    "max": undefined,
                    "required": undefined,
                    "type": undefined,
                  },
                  "x-attribsPrefix": Object {
                    "id": undefined,
                    "max": undefined,
                    "required": undefined,
                    "type": undefined,
                  },
                },
              ],
              "name": "div",
              "namespace": "http://www.w3.org/1999/xhtml",
              "next": null,
              "parent": [Circular],
              "prev": [Circular],
              "type": "tag",
              "x-attribsNamespace": Object {
                "style": undefined,
              },
              "x-attribsPrefix": Object {
                "style": undefined,
              },
            },
            "parent": [Circular],
            "prev": null,
            "type": "text",
          },
          Object {
            "attribs": Object {
              "style": "display:contents",
            },
            "children": Array [
              Object {
                "attribs": Object {
                  "id": "positive-number",
                  "max": "10",
                  "required": "",
                  "type": "number",
                },
                "children": Array [],
                "name": "input",
                "namespace": "http://www.w3.org/1999/xhtml",
                "next": null,
                "parent": [Circular],
                "prev": null,
                "type": "tag",
                "x-attribsNamespace": Object {
                  "id": undefined,
                  "max": undefined,
                  "required": undefined,
                  "type": undefined,
                },
                "x-attribsPrefix": Object {
                  "id": undefined,
                  "max": undefined,
                  "required": undefined,
                  "type": undefined,
                },
              },
            ],
            "name": "div",
            "namespace": "http://www.w3.org/1999/xhtml",
            "next": null,
            "parent": [Circular],
            "prev": Object {
              "data": "Positive Number",
              "next": [Circular],
              "parent": [Circular],
              "prev": null,
              "type": "text",
            },
            "type": "tag",
            "x-attribsNamespace": Object {
              "style": undefined,
            },
            "x-attribsPrefix": Object {
              "style": undefined,
            },
          },
        ],
        "name": "label",
        "namespace": "http://www.w3.org/1999/xhtml",
        "next": Object {
          "attribs": Object {},
          "children": Array [
            Object {
              "data": "Positive Number but validated after typing stops for 2000 millisecond",
              "next": Object {
                "attribs": Object {
                  "style": "display:contents",
                },
                "children": Array [
                  Object {
                    "attribs": Object {
                      "id": "positive-number-debounced",
                      "required": "",
                      "type": "number",
                    },
                    "children": Array [],
                    "name": "input",
                    "namespace": "http://www.w3.org/1999/xhtml",
                    "next": null,
                    "parent": [Circular],
                    "prev": null,
                    "type": "tag",
                    "x-attribsNamespace": Object {
                      "id": undefined,
                      "required": undefined,
                      "type": undefined,
                    },
                    "x-attribsPrefix": Object {
                      "id": undefined,
                      "required": undefined,
                      "type": undefined,
                    },
                  },
                ],
                "name": "div",
                "namespace": "http://www.w3.org/1999/xhtml",
                "next": null,
                "parent": [Circular],
                "prev": [Circular],
                "type": "tag",
                "x-attribsNamespace": Object {
                  "style": undefined,
                },
                "x-attribsPrefix": Object {
                  "style": undefined,
                },
              },
              "parent": [Circular],
              "prev": null,
              "type": "text",
            },
            Object {
              "attribs": Object {
                "style": "display:contents",
              },
              "children": Array [
                Object {
                  "attribs": Object {
                    "id": "positive-number-debounced",
                    "required": "",
                    "type": "number",
                  },
                  "children": Array [],
                  "name": "input",
                  "namespace": "http://www.w3.org/1999/xhtml",
                  "next": null,
                  "parent": [Circular],
                  "prev": null,
                  "type": "tag",
                  "x-attribsNamespace": Object {
                    "id": undefined,
                    "required": undefined,
                    "type": undefined,
                  },
                  "x-attribsPrefix": Object {
                    "id": undefined,
                    "required": undefined,
                    "type": undefined,
                  },
                },
              ],
              "name": "div",
              "namespace": "http://www.w3.org/1999/xhtml",
              "next": null,
              "parent": [Circular],
              "prev": Object {
                "data": "Positive Number but validated after typing stops for 2000 millisecond",
                "next": [Circular],
                "parent": [Circular],
                "prev": null,
                "type": "text",
              },
              "type": "tag",
              "x-attribsNamespace": Object {
                "style": undefined,
              },
              "x-attribsPrefix": Object {
                "style": undefined,
              },
            },
          ],
          "name": "label",
          "namespace": "http://www.w3.org/1999/xhtml",
          "next": Object {
            "attribs": Object {},
            "children": Array [
              Object {
                "data": "Pokemon name",
                "next": Object {
                  "attribs": Object {
                    "style": "display:contents",
                  },
                  "children": Array [
                    Object {
                      "attribs": Object {
                        "id": "pokemon-name",
                        "required": "",
                        "type": "text",
                      },
                      "children": Array [],
                      "name": "input",
                      "namespace": "http://www.w3.org/1999/xhtml",
                      "next": null,
                      "parent": [Circular],
                      "prev": null,
                      "type": "tag",
                      "x-attribsNamespace": Object {
                        "id": undefined,
                        "required": undefined,
                        "type": undefined,
                      },
                      "x-attribsPrefix": Object {
                        "id": undefined,
                        "required": undefined,
                        "type": undefined,
                      },
                    },
                  ],
                  "name": "div",
                  "namespace": "http://www.w3.org/1999/xhtml",
                  "next": null,
                  "parent": [Circular],
                  "prev": [Circular],
                  "type": "tag",
                  "x-attribsNamespace": Object {
                    "style": undefined,
                  },
                  "x-attribsPrefix": Object {
                    "style": undefined,
                  },
                },
                "parent": [Circular],
                "prev": null,
                "type": "text",
              },
              Object {
                "attribs": Object {
                  "style": "display:contents",
                },
                "children": Array [
                  Object {
                    "attribs": Object {
                      "id": "pokemon-name",
                      "required": "",
                      "type": "text",
                    },
                    "children": Array [],
                    "name": "input",
                    "namespace": "http://www.w3.org/1999/xhtml",
                    "next": null,
                    "parent": [Circular],
                    "prev": null,
                    "type": "tag",
                    "x-attribsNamespace": Object {
                      "id": undefined,
                      "required": undefined,
                      "type": undefined,
                    },
                    "x-attribsPrefix": Object {
                      "id": undefined,
                      "required": undefined,
                      "type": undefined,
                    },
                  },
                ],
                "name": "div",
                "namespace": "http://www.w3.org/1999/xhtml",
                "next": null,
                "parent": [Circular],
                "prev": Object {
                  "data": "Pokemon name",
                  "next": [Circular],
                  "parent": [Circular],
                  "prev": null,
                  "type": "text",
                },
                "type": "tag",
                "x-attribsNamespace": Object {
                  "style": undefined,
                },
                "x-attribsPrefix": Object {
                  "style": undefined,
                },
              },
            ],
            "name": "label",
            "namespace": "http://www.w3.org/1999/xhtml",
            "next": Object {
              "attribs": Object {
                "type": "submit",
              },
              "children": Array [],
              "name": "input",
              "namespace": "http://www.w3.org/1999/xhtml",
              "next": null,
              "parent": [Circular],
              "prev": [Circular],
              "type": "tag",
              "x-attribsNamespace": Object {
                "type": undefined,
              },
              "x-attribsPrefix": Object {
                "type": undefined,
              },
            },
            "parent": [Circular],
            "prev": [Circular],
            "type": "tag",
            "x-attribsNamespace": Object {},
            "x-attribsPrefix": Object {},
          },
          "parent": [Circular],
          "prev": [Circular],
          "type": "tag",
          "x-attribsNamespace": Object {},
          "x-attribsPrefix": Object {},
        },
        "parent": [Circular],
        "prev": null,
        "type": "tag",
        "x-attribsNamespace": Object {},
        "x-attribsPrefix": Object {},
      },
      Object {
        "attribs": Object {},
        "children": Array [
          Object {
            "data": "Positive Number but validated after typing stops for 2000 millisecond",
            "next": Object {
              "attribs": Object {
                "style": "display:contents",
              },
              "children": Array [
                Object {
                  "attribs": Object {
                    "id": "positive-number-debounced",
                    "required": "",
                    "type": "number",
                  },
                  "children": Array [],
                  "name": "input",
                  "namespace": "http://www.w3.org/1999/xhtml",
                  "next": null,
                  "parent": [Circular],
                  "prev": null,
                  "type": "tag",
                  "x-attribsNamespace": Object {
                    "id": undefined,
                    "required": undefined,
                    "type": undefined,
                  },
                  "x-attribsPrefix": Object {
                    "id": undefined,
                    "required": undefined,
                    "type": undefined,
                  },
                },
              ],
              "name": "div",
              "namespace": "http://www.w3.org/1999/xhtml",
              "next": null,
              "parent": [Circular],
              "prev": [Circular],
              "type": "tag",
              "x-attribsNamespace": Object {
                "style": undefined,
              },
              "x-attribsPrefix": Object {
                "style": undefined,
              },
            },
            "parent": [Circular],
            "prev": null,
            "type": "text",
          },
          Object {
            "attribs": Object {
              "style": "display:contents",
            },
            "children": Array [
              Object {
                "attribs": Object {
                  "id": "positive-number-debounced",
                  "required": "",
                  "type": "number",
                },
                "children": Array [],
                "name": "input",
                "namespace": "http://www.w3.org/1999/xhtml",
                "next": null,
                "parent": [Circular],
                "prev": null,
                "type": "tag",
                "x-attribsNamespace": Object {
                  "id": undefined,
                  "required": undefined,
                  "type": undefined,
                },
                "x-attribsPrefix": Object {
                  "id": undefined,
                  "required": undefined,
                  "type": undefined,
                },
              },
            ],
            "name": "div",
            "namespace": "http://www.w3.org/1999/xhtml",
            "next": null,
            "parent": [Circular],
            "prev": Object {
              "data": "Positive Number but validated after typing stops for 2000 millisecond",
              "next": [Circular],
              "parent": [Circular],
              "prev": null,
              "type": "text",
            },
            "type": "tag",
            "x-attribsNamespace": Object {
              "style": undefined,
            },
            "x-attribsPrefix": Object {
              "style": undefined,
            },
          },
        ],
        "name": "label",
        "namespace": "http://www.w3.org/1999/xhtml",
        "next": Object {
          "attribs": Object {},
          "children": Array [
            Object {
              "data": "Pokemon name",
              "next": Object {
                "attribs": Object {
                  "style": "display:contents",
                },
                "children": Array [
                  Object {
                    "attribs": Object {
                      "id": "pokemon-name",
                      "required": "",
                      "type": "text",
                    },
                    "children": Array [],
                    "name": "input",
                    "namespace": "http://www.w3.org/1999/xhtml",
                    "next": null,
                    "parent": [Circular],
                    "prev": null,
                    "type": "tag",
                    "x-attribsNamespace": Object {
                      "id": undefined,
                      "required": undefined,
                      "type": undefined,
                    },
                    "x-attribsPrefix": Object {
                      "id": undefined,
                      "required": undefined,
                      "type": undefined,
                    },
                  },
                ],
                "name": "div",
                "namespace": "http://www.w3.org/1999/xhtml",
                "next": null,
                "parent": [Circular],
                "prev": [Circular],
                "type": "tag",
                "x-attribsNamespace": Object {
                  "style": undefined,
                },
                "x-attribsPrefix": Object {
                  "style": undefined,
                },
              },
              "parent": [Circular],
              "prev": null,
              "type": "text",
            },
            Object {
              "attribs": Object {
                "style": "display:contents",
              },
              "children": Array [
                Object {
                  "attribs": Object {
                    "id": "pokemon-name",
                    "required": "",
                    "type": "text",
                  },
                  "children": Array [],
                  "name": "input",
                  "namespace": "http://www.w3.org/1999/xhtml",
                  "next": null,
                  "parent": [Circular],
                  "prev": null,
                  "type": "tag",
                  "x-attribsNamespace": Object {
                    "id": undefined,
                    "required": undefined,
                    "type": undefined,
                  },
                  "x-attribsPrefix": Object {
                    "id": undefined,
                    "required": undefined,
                    "type": undefined,
                  },
                },
              ],
              "name": "div",
              "namespace": "http://www.w3.org/1999/xhtml",
              "next": null,
              "parent": [Circular],
              "prev": Object {
                "data": "Pokemon name",
                "next": [Circular],
                "parent": [Circular],
                "prev": null,
                "type": "text",
              },
              "type": "tag",
              "x-attribsNamespace": Object {
                "style": undefined,
              },
              "x-attribsPrefix": Object {
                "style": undefined,
              },
            },
          ],
          "name": "label",
          "namespace": "http://www.w3.org/1999/xhtml",
          "next": Object {
            "attribs": Object {
              "type": "submit",
            },
            "children": Array [],
            "name": "input",
            "namespace": "http://www.w3.org/1999/xhtml",
            "next": null,
            "parent": [Circular],
            "prev": [Circular],
            "type": "tag",
            "x-attribsNamespace": Object {
              "type": undefined,
            },
            "x-attribsPrefix": Object {
              "type": undefined,
            },
          },
          "parent": [Circular],
          "prev": [Circular],
          "type": "tag",
          "x-attribsNamespace": Object {},
          "x-attribsPrefix": Object {},
        },
        "parent": [Circular],
        "prev": Object {
          "attribs": Object {},
          "children": Array [
            Object {
              "data": "Positive Number",
              "next": Object {
                "attribs": Object {
                  "style": "display:contents",
                },
                "children": Array [
                  Object {
                    "attribs": Object {
                      "id": "positive-number",
                      "max": "10",
                      "required": "",
                      "type": "number",
                    },
                    "children": Array [],
                    "name": "input",
                    "namespace": "http://www.w3.org/1999/xhtml",
                    "next": null,
                    "parent": [Circular],
                    "prev": null,
                    "type": "tag",
                    "x-attribsNamespace": Object {
                      "id": undefined,
                      "max": undefined,
                      "required": undefined,
                      "type": undefined,
                    },
                    "x-attribsPrefix": Object {
                      "id": undefined,
                      "max": undefined,
                      "required": undefined,
                      "type": undefined,
                    },
                  },
                ],
                "name": "div",
                "namespace": "http://www.w3.org/1999/xhtml",
                "next": null,
                "parent": [Circular],
                "prev": [Circular],
                "type": "tag",
                "x-attribsNamespace": Object {
                  "style": undefined,
                },
                "x-attribsPrefix": Object {
                  "style": undefined,
                },
              },
              "parent": [Circular],
              "prev": null,
              "type": "text",
            },
            Object {
              "attribs": Object {
                "style": "display:contents",
              },
              "children": Array [
                Object {
                  "attribs": Object {
                    "id": "positive-number",
                    "max": "10",
                    "required": "",
                    "type": "number",
                  },
                  "children": Array [],
                  "name": "input",
                  "namespace": "http://www.w3.org/1999/xhtml",
                  "next": null,
                  "parent": [Circular],
                  "prev": null,
                  "type": "tag",
                  "x-attribsNamespace": Object {
                    "id": undefined,
                    "max": undefined,
                    "required": undefined,
                    "type": undefined,
                  },
                  "x-attribsPrefix": Object {
                    "id": undefined,
                    "max": undefined,
                    "required": undefined,
                    "type": undefined,
                  },
                },
              ],
              "name": "div",
              "namespace": "http://www.w3.org/1999/xhtml",
              "next": null,
              "parent": [Circular],
              "prev": Object {
                "data": "Positive Number",
                "next": [Circular],
                "parent": [Circular],
                "prev": null,
                "type": "text",
              },
              "type": "tag",
              "x-attribsNamespace": Object {
                "style": undefined,
              },
              "x-attribsPrefix": Object {
                "style": undefined,
              },
            },
          ],
          "name": "label",
          "namespace": "http://www.w3.org/1999/xhtml",
          "next": [Circular],
          "parent": [Circular],
          "prev": null,
          "type": "tag",
          "x-attribsNamespace": Object {},
          "x-attribsPrefix": Object {},
        },
        "type": "tag",
        "x-attribsNamespace": Object {},
        "x-attribsPrefix": Object {},
      },
      Object {
        "attribs": Object {},
        "children": Array [
          Object {
            "data": "Pokemon name",
            "next": Object {
              "attribs": Object {
                "style": "display:contents",
              },
              "children": Array [
                Object {
                  "attribs": Object {
                    "id": "pokemon-name",
                    "required": "",
                    "type": "text",
                  },
                  "children": Array [],
                  "name": "input",
                  "namespace": "http://www.w3.org/1999/xhtml",
                  "next": null,
                  "parent": [Circular],
                  "prev": null,
                  "type": "tag",
                  "x-attribsNamespace": Object {
                    "id": undefined,
                    "required": undefined,
                    "type": undefined,
                  },
                  "x-attribsPrefix": Object {
                    "id": undefined,
                    "required": undefined,
                    "type": undefined,
                  },
                },
              ],
              "name": "div",
              "namespace": "http://www.w3.org/1999/xhtml",
              "next": null,
              "parent": [Circular],
              "prev": [Circular],
              "type": "tag",
              "x-attribsNamespace": Object {
                "style": undefined,
              },
              "x-attribsPrefix": Object {
                "style": undefined,
              },
            },
            "parent": [Circular],
            "prev": null,
            "type": "text",
          },
          Object {
            "attribs": Object {
              "style": "display:contents",
            },
            "children": Array [
              Object {
                "attribs": Object {
                  "id": "pokemon-name",
                  "required": "",
                  "type": "text",
                },
                "children": Array [],
                "name": "input",
                "namespace": "http://www.w3.org/1999/xhtml",
                "next": null,
                "parent": [Circular],
                "prev": null,
                "type": "tag",
                "x-attribsNamespace": Object {
                  "id": undefined,
                  "required": undefined,
                  "type": undefined,
                },
                "x-attribsPrefix": Object {
                  "id": undefined,
                  "required": undefined,
                  "type": undefined,
                },
              },
            ],
            "name": "div",
            "namespace": "http://www.w3.org/1999/xhtml",
            "next": null,
            "parent": [Circular],
            "prev": Object {
              "data": "Pokemon name",
              "next": [Circular],
              "parent": [Circular],
              "prev": null,
              "type": "text",
            },
            "type": "tag",
            "x-attribsNamespace": Object {
              "style": undefined,
            },
            "x-attribsPrefix": Object {
              "style": undefined,
            },
          },
        ],
        "name": "label",
        "namespace": "http://www.w3.org/1999/xhtml",
        "next": Object {
          "attribs": Object {
            "type": "submit",
          },
          "children": Array [],
          "name": "input",
          "namespace": "http://www.w3.org/1999/xhtml",
          "next": null,
          "parent": [Circular],
          "prev": [Circular],
          "type": "tag",
          "x-attribsNamespace": Object {
            "type": undefined,
          },
          "x-attribsPrefix": Object {
            "type": undefined,
          },
        },
        "parent": [Circular],
        "prev": Object {
          "attribs": Object {},
          "children": Array [
            Object {
              "data": "Positive Number but validated after typing stops for 2000 millisecond",
              "next": Object {
                "attribs": Object {
                  "style": "display:contents",
                },
                "children": Array [
                  Object {
                    "attribs": Object {
                      "id": "positive-number-debounced",
                      "required": "",
                      "type": "number",
                    },
                    "children": Array [],
                    "name": "input",
                    "namespace": "http://www.w3.org/1999/xhtml",
                    "next": null,
                    "parent": [Circular],
                    "prev": null,
                    "type": "tag",
                    "x-attribsNamespace": Object {
                      "id": undefined,
                      "required": undefined,
                      "type": undefined,
                    },
                    "x-attribsPrefix": Object {
                      "id": undefined,
                      "required": undefined,
                      "type": undefined,
                    },
                  },
                ],
                "name": "div",
                "namespace": "http://www.w3.org/1999/xhtml",
                "next": null,
                "parent": [Circular],
                "prev": [Circular],
                "type": "tag",
                "x-attribsNamespace": Object {
                  "style": undefined,
                },
                "x-attribsPrefix": Object {
                  "style": undefined,
                },
              },
              "parent": [Circular],
              "prev": null,
              "type": "text",
            },
            Object {
              "attribs": Object {
                "style": "display:contents",
              },
              "children": Array [
                Object {
                  "attribs": Object {
                    "id": "positive-number-debounced",
                    "required": "",
                    "type": "number",
                  },
                  "children": Array [],
                  "name": "input",
                  "namespace": "http://www.w3.org/1999/xhtml",
                  "next": null,
                  "parent": [Circular],
                  "prev": null,
                  "type": "tag",
                  "x-attribsNamespace": Object {
                    "id": undefined,
                    "required": undefined,
                    "type": undefined,
                  },
                  "x-attribsPrefix": Object {
                    "id": undefined,
                    "required": undefined,
                    "type": undefined,
                  },
                },
              ],
              "name": "div",
              "namespace": "http://www.w3.org/1999/xhtml",
              "next": null,
              "parent": [Circular],
              "prev": Object {
                "data": "Positive Number but validated after typing stops for 2000 millisecond",
                "next": [Circular],
                "parent": [Circular],
                "prev": null,
                "type": "text",
              },
              "type": "tag",
              "x-attribsNamespace": Object {
                "style": undefined,
              },
              "x-attribsPrefix": Object {
                "style": undefined,
              },
            },
          ],
          "name": "label",
          "namespace": "http://www.w3.org/1999/xhtml",
          "next": [Circular],
          "parent": [Circular],
          "prev": Object {
            "attribs": Object {},
            "children": Array [
              Object {
                "data": "Positive Number",
                "next": Object {
                  "attribs": Object {
                    "style": "display:contents",
                  },
                  "children": Array [
                    Object {
                      "attribs": Object {
                        "id": "positive-number",
                        "max": "10",
                        "required": "",
                        "type": "number",
                      },
                      "children": Array [],
                      "name": "input",
                      "namespace": "http://www.w3.org/1999/xhtml",
                      "next": null,
                      "parent": [Circular],
                      "prev": null,
                      "type": "tag",
                      "x-attribsNamespace": Object {
                        "id": undefined,
                        "max": undefined,
                        "required": undefined,
                        "type": undefined,
                      },
                      "x-attribsPrefix": Object {
                        "id": undefined,
                        "max": undefined,
                        "required": undefined,
                        "type": undefined,
                      },
                    },
                  ],
                  "name": "div",
                  "namespace": "http://www.w3.org/1999/xhtml",
                  "next": null,
                  "parent": [Circular],
                  "prev": [Circular],
                  "type": "tag",
                  "x-attribsNamespace": Object {
                    "style": undefined,
                  },
                  "x-attribsPrefix": Object {
                    "style": undefined,
                  },
                },
                "parent": [Circular],
                "prev": null,
                "type": "text",
              },
              Object {
                "attribs": Object {
                  "style": "display:contents",
                },
                "children": Array [
                  Object {
                    "attribs": Object {
                      "id": "positive-number",
                      "max": "10",
                      "required": "",
                      "type": "number",
                    },
                    "children": Array [],
                    "name": "input",
                    "namespace": "http://www.w3.org/1999/xhtml",
                    "next": null,
                    "parent": [Circular],
                    "prev": null,
                    "type": "tag",
                    "x-attribsNamespace": Object {
                      "id": undefined,
                      "max": undefined,
                      "required": undefined,
                      "type": undefined,
                    },
                    "x-attribsPrefix": Object {
                      "id": undefined,
                      "max": undefined,
                      "required": undefined,
                      "type": undefined,
                    },
                  },
                ],
                "name": "div",
                "namespace": "http://www.w3.org/1999/xhtml",
                "next": null,
                "parent": [Circular],
                "prev": Object {
                  "data": "Positive Number",
                  "next": [Circular],
                  "parent": [Circular],
                  "prev": null,
                  "type": "text",
                },
                "type": "tag",
                "x-attribsNamespace": Object {
                  "style": undefined,
                },
                "x-attribsPrefix": Object {
                  "style": undefined,
                },
              },
            ],
            "name": "label",
            "namespace": "http://www.w3.org/1999/xhtml",
            "next": [Circular],
            "parent": [Circular],
            "prev": null,
            "type": "tag",
            "x-attribsNamespace": Object {},
            "x-attribsPrefix": Object {},
          },
          "type": "tag",
          "x-attribsNamespace": Object {},
          "x-attribsPrefix": Object {},
        },
        "type": "tag",
        "x-attribsNamespace": Object {},
        "x-attribsPrefix": Object {},
      },
      Object {
        "attribs": Object {
          "type": "submit",
        },
        "children": Array [],
        "name": "input",
        "namespace": "http://www.w3.org/1999/xhtml",
        "next": null,
        "parent": [Circular],
        "prev": Object {
          "attribs": Object {},
          "children": Array [
            Object {
              "data": "Pokemon name",
              "next": Object {
                "attribs": Object {
                  "style": "display:contents",
                },
                "children": Array [
                  Object {
                    "attribs": Object {
                      "id": "pokemon-name",
                      "required": "",
                      "type": "text",
                    },
                    "children": Array [],
                    "name": "input",
                    "namespace": "http://www.w3.org/1999/xhtml",
                    "next": null,
                    "parent": [Circular],
                    "prev": null,
                    "type": "tag",
                    "x-attribsNamespace": Object {
                      "id": undefined,
                      "required": undefined,
                      "type": undefined,
                    },
                    "x-attribsPrefix": Object {
                      "id": undefined,
                      "required": undefined,
                      "type": undefined,
                    },
                  },
                ],
                "name": "div",
                "namespace": "http://www.w3.org/1999/xhtml",
                "next": null,
                "parent": [Circular],
                "prev": [Circular],
                "type": "tag",
                "x-attribsNamespace": Object {
                  "style": undefined,
                },
                "x-attribsPrefix": Object {
                  "style": undefined,
                },
              },
              "parent": [Circular],
              "prev": null,
              "type": "text",
            },
            Object {
              "attribs": Object {
                "style": "display:contents",
              },
              "children": Array [
                Object {
                  "attribs": Object {
                    "id": "pokemon-name",
                    "required": "",
                    "type": "text",
                  },
                  "children": Array [],
                  "name": "input",
                  "namespace": "http://www.w3.org/1999/xhtml",
                  "next": null,
                  "parent": [Circular],
                  "prev": null,
                  "type": "tag",
                  "x-attribsNamespace": Object {
                    "id": undefined,
                    "required": undefined,
                    "type": undefined,
                  },
                  "x-attribsPrefix": Object {
                    "id": undefined,
                    "required": undefined,
                    "type": undefined,
                  },
                },
              ],
              "name": "div",
              "namespace": "http://www.w3.org/1999/xhtml",
              "next": null,
              "parent": [Circular],
              "prev": Object {
                "data": "Pokemon name",
                "next": [Circular],
                "parent": [Circular],
                "prev": null,
                "type": "text",
              },
              "type": "tag",
              "x-attribsNamespace": Object {
                "style": undefined,
              },
              "x-attribsPrefix": Object {
                "style": undefined,
              },
            },
          ],
          "name": "label",
          "namespace": "http://www.w3.org/1999/xhtml",
          "next": [Circular],
          "parent": [Circular],
          "prev": Object {
            "attribs": Object {},
            "children": Array [
              Object {
                "data": "Positive Number but validated after typing stops for 2000 millisecond",
                "next": Object {
                  "attribs": Object {
                    "style": "display:contents",
                  },
                  "children": Array [
                    Object {
                      "attribs": Object {
                        "id": "positive-number-debounced",
                        "required": "",
                        "type": "number",
                      },
                      "children": Array [],
                      "name": "input",
                      "namespace": "http://www.w3.org/1999/xhtml",
                      "next": null,
                      "parent": [Circular],
                      "prev": null,
                      "type": "tag",
                      "x-attribsNamespace": Object {
                        "id": undefined,
                        "required": undefined,
                        "type": undefined,
                      },
                      "x-attribsPrefix": Object {
                        "id": undefined,
                        "required": undefined,
                        "type": undefined,
                      },
                    },
                  ],
                  "name": "div",
                  "namespace": "http://www.w3.org/1999/xhtml",
                  "next": null,
                  "parent": [Circular],
                  "prev": [Circular],
                  "type": "tag",
                  "x-attribsNamespace": Object {
                    "style": undefined,
                  },
                  "x-attribsPrefix": Object {
                    "style": undefined,
                  },
                },
                "parent": [Circular],
                "prev": null,
                "type": "text",
              },
              Object {
                "attribs": Object {
                  "style": "display:contents",
                },
                "children": Array [
                  Object {
                    "attribs": Object {
                      "id": "positive-number-debounced",
                      "required": "",
                      "type": "number",
                    },
                    "children": Array [],
                    "name": "input",
                    "namespace": "http://www.w3.org/1999/xhtml",
                    "next": null,
                    "parent": [Circular],
                    "prev": null,
                    "type": "tag",
                    "x-attribsNamespace": Object {
                      "id": undefined,
                      "required": undefined,
                      "type": undefined,
                    },
                    "x-attribsPrefix": Object {
                      "id": undefined,
                      "required": undefined,
                      "type": undefined,
                    },
                  },
                ],
                "name": "div",
                "namespace": "http://www.w3.org/1999/xhtml",
                "next": null,
                "parent": [Circular],
                "prev": Object {
                  "data": "Positive Number but validated after typing stops for 2000 millisecond",
                  "next": [Circular],
                  "parent": [Circular],
                  "prev": null,
                  "type": "text",
                },
                "type": "tag",
                "x-attribsNamespace": Object {
                  "style": undefined,
                },
                "x-attribsPrefix": Object {
                  "style": undefined,
                },
              },
            ],
            "name": "label",
            "namespace": "http://www.w3.org/1999/xhtml",
            "next": [Circular],
            "parent": [Circular],
            "prev": Object {
              "attribs": Object {},
              "children": Array [
                Object {
                  "data": "Positive Number",
                  "next": Object {
                    "attribs": Object {
                      "style": "display:contents",
                    },
                    "children": Array [
                      Object {
                        "attribs": Object {
                          "id": "positive-number",
                          "max": "10",
                          "required": "",
                          "type": "number",
                        },
                        "children": Array [],
                        "name": "input",
                        "namespace": "http://www.w3.org/1999/xhtml",
                        "next": null,
                        "parent": [Circular],
                        "prev": null,
                        "type": "tag",
                        "x-attribsNamespace": Object {
                          "id": undefined,
                          "max": undefined,
                          "required": undefined,
                          "type": undefined,
                        },
                        "x-attribsPrefix": Object {
                          "id": undefined,
                          "max": undefined,
                          "required": undefined,
                          "type": undefined,
                        },
                      },
                    ],
                    "name": "div",
                    "namespace": "http://www.w3.org/1999/xhtml",
                    "next": null,
                    "parent": [Circular],
                    "prev": [Circular],
                    "type": "tag",
                    "x-attribsNamespace": Object {
                      "style": undefined,
                    },
                    "x-attribsPrefix": Object {
                      "style": undefined,
                    },
                  },
                  "parent": [Circular],
                  "prev": null,
                  "type": "text",
                },
                Object {
                  "attribs": Object {
                    "style": "display:contents",
                  },
                  "children": Array [
                    Object {
                      "attribs": Object {
                        "id": "positive-number",
                        "max": "10",
                        "required": "",
                        "type": "number",
                      },
                      "children": Array [],
                      "name": "input",
                      "namespace": "http://www.w3.org/1999/xhtml",
                      "next": null,
                      "parent": [Circular],
                      "prev": null,
                      "type": "tag",
                      "x-attribsNamespace": Object {
                        "id": undefined,
                        "max": undefined,
                        "required": undefined,
                        "type": undefined,
                      },
                      "x-attribsPrefix": Object {
                        "id": undefined,
                        "max": undefined,
                        "required": undefined,
                        "type": undefined,
                      },
                    },
                  ],
                  "name": "div",
                  "namespace": "http://www.w3.org/1999/xhtml",
                  "next": null,
                  "parent": [Circular],
                  "prev": Object {
                    "data": "Positive Number",
                    "next": [Circular],
                    "parent": [Circular],
                    "prev": null,
                    "type": "text",
                  },
                  "type": "tag",
                  "x-attribsNamespace": Object {
                    "style": undefined,
                  },
                  "x-attribsPrefix": Object {
                    "style": undefined,
                  },
                },
              ],
              "name": "label",
              "namespace": "http://www.w3.org/1999/xhtml",
              "next": [Circular],
              "parent": [Circular],
              "prev": null,
              "type": "tag",
              "x-attribsNamespace": Object {},
              "x-attribsPrefix": Object {},
            },
            "type": "tag",
            "x-attribsNamespace": Object {},
            "x-attribsPrefix": Object {},
          },
          "type": "tag",
          "x-attribsNamespace": Object {},
          "x-attribsPrefix": Object {},
        },
        "type": "tag",
        "x-attribsNamespace": Object {
          "type": undefined,
        },
        "x-attribsPrefix": Object {
          "type": undefined,
        },
      },
    ],
    "name": "form",
    "namespace": "http://www.w3.org/1999/xhtml",
    "next": null,
    "parent": null,
    "prev": null,
    "root": Object {
      "attribs": Object {},
      "children": Array [
        [Circular],
      ],
      "name": "root",
      "namespace": "http://www.w3.org/1999/xhtml",
      "next": null,
      "parent": null,
      "prev": null,
      "type": "root",
      "x-attribsNamespace": Object {},
      "x-attribsPrefix": Object {},
    },
    "type": "tag",
    "x-attribsNamespace": Object {
      "class": undefined,
    },
    "x-attribsPrefix": Object {
      "class": undefined,
    },
  },
  "_root": [Circular],
  "length": 1,
  "options": Object {
    "decodeEntities": true,
    "normalizeWhitespace": false,
    "withDomLvl1": true,
    "xml": false,
  },
}
`;
